// Jest Snapshot v1, https://goo.gl/fbAQLP

exports[`components/GetChannelLinkModal should match snapshot with currentTeamUrl passed in 1`] = `
<GetLinkModal
  helpText="Paste the link below into a web browser to view the channel."
  link="http://localhost:8065/foo/bar"
  onHide={[Function]}
  show={false}
  title="Channel Link"
/>
`;
